f2 pour changer de nom
ctrl / -->//commentaire et selectionner 
/* il commente tout heta nhbs */whdkhra
power shelle cmd et terminal de chaque interfaces 
ctrl maj Ã¹ =ouvrir terminale vscode
tabulation pour parcurir les fichier et dossier daqns le terminale
selectionner shift tabulation yroho a droite 
selectionner tabulation yroho a gauche 

exo1:
function exf(s, n) {
    for (let i = 0; i < n; i++) {
        console.log(s);
    }
}

exf("echo", 5);
exf("JS from server", 10);






terminale :

PS E:\univ\CAW\caw_labs> cd .\tp3_caw\exo1\
PS E:\univ\CAW\caw_labs\tp3_caw\exo1> node .\echo.js
echo
echo
echo
echo
echo
JS from server
JS from server
JS from server
JS from server
JS from server
JS from server
JS from server
JS from server
JS from server
JS from server

EXO2:

1/fileImport.js  (IMPORTER AVEC REQUIRED FICHIER NOTATION)
const mean = require('./notation');

const scores = [80, 85, 90, 95, 100];
const average = mean(scores);
console.log("Average Score:", average);


TERMINALE:

PS E:\univ\CAW\caw_labs\tp3_caw> node .\exo2\fileImport.js
Average Score: 90
OU SINON 
PS E:\univ\CAW\caw_labs\tp3_caw> cd .\exo2\
PS E:\univ\CAW\caw_labs\tp3_caw\exo2> NODE .\fileImport.js
Average Score: 90

2/notation.js
(DEFINIR ET EXPORTER )
function mean(scores) {
    const sum = scores.reduce((acc, curr) => acc + curr, 0);
    return sum / scores.length;
}

module.exports = mean;

PAS DE TERMINALE 

EXO3:
1/ReadFile.js

const fs = require('fs');
const fileName = process.argv[2]; 

if (fileName) {
    fs.readFile(fileName, 'utf8', (err, data) => {
        if (err) {
            console.error(err);
        } else {
            console.log(data);
        }
    });
} else {
    console.log('Please provide a file name.');
}


